<h1 id="text">Text</h1>
<figure id="fig1.1.1"><img src="first.jpg" alt="first image" width="300"><figcaption>Figure: first image</figcaption></figure>
<figure id="fig1.1.2"><img src="second.jpg" alt="second image" width="400"><figcaption>Figure: second image</figcaption></figure>
