<h1 id="text">Text</h1>
<figure id="fig1.1.1"><img src="first.jpg" alt="first image"><figcaption>Image 1. - first image</figcaption></figure>
<figure id="fig1.1.2"><img src="second.jpg" alt="second image"><figcaption>Image 2. - second image</figcaption></figure>
