<figure id="fig1.1.1"><img src="assets/textsearch.png" alt="Advanced Search Box"><figcaption>Figure 1: Advanced Search Box</figcaption></figure>
